// Jest Snapshot v1, https://goo.gl/fbAQLP

exports[`<Posts /> should match to snapshot 1`] = `
<DocumentFragment>
  <div
    class="post-container"
  >
    <div
      class="post"
    >
      <img
        alt="title 1"
        src="img/img1.png"
      />
      <div
        class="post-content"
      >
        <h2>
          title 1
        </h2>
        <p>
          body
        </p>
      </div>
    </div>
    <div
      class="post"
    >
      <img
        alt="title 2"
        src="img/img2.png"
      />
      <div
        class="post-content"
      >
        <h2>
          title 2
        </h2>
        <p>
          body
        </p>
      </div>
    </div>
    <div
      class="post"
    >
      <img
        alt="title 3"
        src="img/img3.png"
      />
      <div
        class="post-content"
      >
        <h2>
          title 3
        </h2>
        <p>
          body
        </p>
      </div>
    </div>
  </div>
</DocumentFragment>
`;
