// Jest Snapshot v1, https://goo.gl/fbAQLP

exports[`<Button /> should be match snapshot 1`] = `
<DocumentFragment>
  <button
    class="button"
  >
    test
  </button>
</DocumentFragment>
`;
