// Jest Snapshot v1, https://goo.gl/fbAQLP

exports[`<TextInput /> should match snapshot 1`] = `
<DocumentFragment>
  <input
    class="input"
    placeholder="Search here"
    type="search"
    value=""
  />
</DocumentFragment>
`;
